Starting Dog Re-ID swin open-Set training job...

==================================================
DOG RE-ID CONFIGURATION: dinov2_closed
--------------------------------------------------
[DATA]
  world           : closed
  batch_size      : 16
  k               : 4
  clip_len        : 16
  num_workers     : 12
[MODEL]
  model           : dinov2
  embedding_dim   : 768
  chunk_size      : 16
[OPTIM]
  lr              : 5e-05
  epochs          : 50
  accum_steps     : 8
  margin          : 0.3
  weight_decay    : 1e-05
[PATHS]
  output_dir      : .../dinov2_closed
==================================================

/d/hpc/projects/FRI/mm12755/DogReID-1553/DogReID-1553/runs/detect/yolo11_dogs/weights/best.pt
-> Loading Custom YOLO: runs/detect/yolo11_dogs/weights/best.pt
--- Data Loading Stats ---
Training: 2990 samples
Validation: Query=316, Gallery=450
