Starting Dog Re-ID DINOv2 Closed-Set Training Job (Max Pooling)...

==================================================
DOG RE-ID CONFIGURATION: dinov2_closed_mean_finetune_False
--------------------------------------------------
[DATA]
  world           : closed
  batch_size      : 16
  k               : 4
  clip_len        : 16
  img_size        : (224, 224)
  num_workers     : 12
[MODEL]
  model           : dinov2
  embedding_dim   : 768
  num_classes     : 0
  pooling_type    : mean
  chunk_size      : 16
  full_finetune   : False
[OPTIM]
  lr              : 5e-05
  epochs          : 50
  accum_steps     : 8
  margin          : 0.3
  weight_decay    : 1e-05
[PATHS]
  output_dir      : .../dinov2_closed_mean_finetune_False
==================================================

--- Data Loading Stats ---
Training: 3756 samples
Validation: Query=0, Gallery=0
--> Total training dog identities (num_classes): 3756
Epoch 0 | Loss: 8.5866
Epoch 1 | Loss: 8.4957
Epoch 2 | Loss: 8.5037
Epoch 3 | Loss: 8.4527
Epoch 4 | Loss: 8.4650
Epoch 5 | Loss: 8.4282
Epoch 6 | Loss: 8.3749
Epoch 7 | Loss: 8.3737
Epoch 8 | Loss: 8.3091
Epoch 9 | Loss: 8.3122
--> Saved periodic checkpoint to /d/hpc/projects/FRI/mm12755/DogReID-1553/DogReID-1553/trained_models/dinov2_closed_mean_finetune_False/model_epoch_10.pth
Epoch 10 | Loss: 8.2216
Epoch 11 | Loss: 8.2426
Epoch 12 | Loss: 8.1958
Epoch 13 | Loss: 8.1907
Epoch 14 | Loss: 8.1511
Epoch 15 | Loss: 8.1019
Epoch 16 | Loss: 8.0838
Epoch 17 | Loss: 8.0278
