Running on gwn08.arnes.si with NVIDIA H100 80GB HBM3
Starting Closed-World Training and Evaluation for MegaDescriptor...

==================================================
DOG RE-ID CONFIGURATION: megadescriptor_baseline_closed_attention_finetune_False
--------------------------------------------------
[DATA]
  world           : closed
  batch_size      : 16
  k               : 4
  num_ids         : 4
  clip_len        : 8
  img_size        : (224, 224)
  num_workers     : 12
[MODEL]
  backbone        : megadescriptor
  reid_method     : baseline
  pooling_type    : attention
  full_finetune   : False
  unfreeze_blocks : 2
  jpm_parts       : 4
  chunk_size      : 16
[OPTIM]
  lr              : 2e-05
  epochs          : 51
  warmup_epochs   : 5
  lr_milestones   : (25, 35)
  accum_steps     : 2
  margin          : 0.3
  weight_decay    : 1e-05
  id_loss_weight  : 1.0
  amp             : bf16
[AUGMENTATION]
  aug_pad         : 10
  re_prob         : 0.5
[PATHS]
  output_dir      : .../megadescriptor_baseline_closed_attention_finetune_False
==================================================

--- Data Loading Stats ---
Training: 3756 samples
Validation: Query=0, Gallery=0
[cfg] num_classes = 1553
[freeze] trainable 62,197,601 / 195,786,005 params (31.8%)
[optim] pretrained 61,407,072 params @ lr*0.1 | heads 790,529 params @ lr
[amp] mixed precision enabled (bf16)
